// Jest Snapshot v1, https://goo.gl/fbAQLP

exports[`Account renders correctly 1`] = `
<p>
  Welcome back, 
  <strong>
    Giorgia
  </strong>
  ! 
  <a
    href="#"
    onClick={[Function]}
  >
    Log Out
  </a>
</p>
`;

exports[`Account renders correctly 2`] = `<LoginForm />`;

exports[`LoginForm renders correctly 1`] = `
<div
  className="LoginForm"
>
  <form
    onSubmit={[Function]}
  >
    <input
      onChange={[Function]}
      placeholder="Username"
      required={true}
      type="text"
      value=""
    />
    <input
      type="submit"
      value="Log In"
    />
  </form>
</div>
`;
